#-----------------------------------------------------------
# Vivado v2013.2 (64-bit)
# Build 272601 by xbuild on Sat Jun 15 11:27:26 MDT 2013
# Start of session at: Mon Apr 03 13:20:03 2017
# Process ID: 7196
# Log file: C:/source/FPGA-tests/Testbench/axi_testbench/project_1/vivado.log
# Journal file: C:/source/FPGA-tests/Testbench/axi_testbench/project_1\vivado.jou
#-----------------------------------------------------------
start_gui
open_project {C:\source\FPGA-tests\Testbench\axi_testbench\project_1\project_1.xpr}
update_compile_order -fileset sources_1
set_property SOURCE_SET sources_1 [get_filesets sim_1]
close [ open C:/source/FPGA-tests/Testbench/axi_testbench/project_1/project_1.srcs/sim_1/new/tb_crt.vhd w ]
add_files -fileset sim_1 C:/source/FPGA-tests/Testbench/axi_testbench/project_1/project_1.srcs/sim_1/new/tb_crt.vhd
update_compile_order -fileset sim_1
update_compile_order -fileset sources_1
update_compile_order -fileset sources_1
update_compile_order -fileset sim_1
update_compile_order -fileset sources_1
update_compile_order -fileset sources_1
update_compile_order -fileset sim_1
